mode: atomic
github.com/hsuanshao/golibs/aws/dynamodb/impl.go:18.68,24.16 3 0
github.com/hsuanshao/golibs/aws/dynamodb/impl.go:24.16,27.3 2 0
github.com/hsuanshao/golibs/aws/dynamodb/impl.go:29.2,32.18 3 0
github.com/hsuanshao/golibs/aws/dynamodb/impl.go:42.63,44.16 2 0
github.com/hsuanshao/golibs/aws/dynamodb/impl.go:44.16,47.3 2 0
github.com/hsuanshao/golibs/aws/dynamodb/impl.go:48.2,50.73 2 0
github.com/hsuanshao/golibs/aws/dynamodb/impl.go:50.73,53.3 2 0
github.com/hsuanshao/golibs/aws/dynamodb/impl.go:55.2,56.22 2 0
github.com/hsuanshao/golibs/aws/appconf/impl.go:14.73,21.16 3 0
github.com/hsuanshao/golibs/aws/appconf/impl.go:21.16,24.3 2 0
github.com/hsuanshao/golibs/aws/appconf/impl.go:26.2,29.21 3 0
github.com/hsuanshao/golibs/aws/appconf/impl.go:32.124,36.23 2 0
github.com/hsuanshao/golibs/aws/appconf/impl.go:36.23,38.3 1 0
github.com/hsuanshao/golibs/aws/appconf/impl.go:40.2,42.16 2 0
github.com/hsuanshao/golibs/aws/appconf/impl.go:42.16,45.3 2 0
github.com/hsuanshao/golibs/aws/appconf/impl.go:47.2,50.21 3 0
github.com/hsuanshao/golibs/aws/ec2/impl.go:18.60,23.16 3 0
github.com/hsuanshao/golibs/aws/ec2/impl.go:23.16,25.3 1 0
github.com/hsuanshao/golibs/aws/ec2/impl.go:27.2,30.15 3 0
github.com/hsuanshao/golibs/aws/ec2/impl.go:41.69,43.16 2 0
github.com/hsuanshao/golibs/aws/ec2/impl.go:43.16,46.3 2 0
github.com/hsuanshao/golibs/aws/ec2/impl.go:47.2,50.73 3 0
github.com/hsuanshao/golibs/aws/ec2/impl.go:50.73,54.3 3 0
github.com/hsuanshao/golibs/aws/ec2/impl.go:56.2,57.15 2 0
github.com/hsuanshao/golibs/aws/ecs/impl.go:14.57,20.16 3 0
github.com/hsuanshao/golibs/aws/ecs/impl.go:20.16,23.3 2 0
github.com/hsuanshao/golibs/aws/ecs/impl.go:25.2,28.15 3 0
github.com/hsuanshao/golibs/aws/ecs/impl.go:31.108,35.23 2 0
github.com/hsuanshao/golibs/aws/ecs/impl.go:35.23,37.3 1 0
github.com/hsuanshao/golibs/aws/ecs/impl.go:39.2,40.16 2 0
github.com/hsuanshao/golibs/aws/ecs/impl.go:40.16,43.3 2 0
github.com/hsuanshao/golibs/aws/ecs/impl.go:45.2,48.15 3 0
github.com/hsuanshao/golibs/aws/msk/kafka.go:20.71,27.2 5 0
github.com/hsuanshao/golibs/aws/msk/kafka_connect.go:22.87,29.2 5 0
github.com/hsuanshao/golibs/aws/ses/impl.go:11.50,19.16 4 0
github.com/hsuanshao/golibs/aws/ses/impl.go:19.16,21.3 1 0
github.com/hsuanshao/golibs/aws/ses/impl.go:23.2,24.12 2 0
github.com/hsuanshao/golibs/aws/ses/impl.go:27.101,33.23 3 0
github.com/hsuanshao/golibs/aws/ses/impl.go:33.23,35.3 1 0
github.com/hsuanshao/golibs/aws/ses/impl.go:37.2,38.16 2 0
github.com/hsuanshao/golibs/aws/ses/impl.go:38.16,40.3 1 0
github.com/hsuanshao/golibs/aws/ses/impl.go:42.2,43.12 2 0
github.com/hsuanshao/golibs/aws/sqs/impl.go:13.37,21.16 4 0
github.com/hsuanshao/golibs/aws/sqs/impl.go:21.16,23.3 1 0
github.com/hsuanshao/golibs/aws/sqs/impl.go:25.2,27.15 2 0
github.com/hsuanshao/golibs/aws/sqs/impl.go:30.88,36.23 3 0
github.com/hsuanshao/golibs/aws/sqs/impl.go:36.23,38.3 1 0
github.com/hsuanshao/golibs/aws/sqs/impl.go:40.2,41.16 2 0
github.com/hsuanshao/golibs/aws/sqs/impl.go:41.16,43.3 1 0
github.com/hsuanshao/golibs/aws/sqs/impl.go:45.2,47.15 2 0
github.com/hsuanshao/golibs/aws/mq/impl.go:15.54,21.16 3 0
github.com/hsuanshao/golibs/aws/mq/impl.go:21.16,24.3 2 0
github.com/hsuanshao/golibs/aws/mq/impl.go:26.2,29.14 3 0
github.com/hsuanshao/golibs/aws/mq/impl.go:32.105,36.23 2 0
github.com/hsuanshao/golibs/aws/mq/impl.go:36.23,38.3 1 0
github.com/hsuanshao/golibs/aws/mq/impl.go:40.2,41.16 2 0
github.com/hsuanshao/golibs/aws/mq/impl.go:41.16,44.3 2 0
github.com/hsuanshao/golibs/aws/mq/impl.go:46.2,49.14 3 0
github.com/hsuanshao/golibs/aws/eks/impl.go:14.57,20.16 3 0
github.com/hsuanshao/golibs/aws/eks/impl.go:20.16,23.3 2 0
github.com/hsuanshao/golibs/aws/eks/impl.go:25.2,28.15 3 0
github.com/hsuanshao/golibs/aws/eks/impl.go:31.108,35.23 2 0
github.com/hsuanshao/golibs/aws/eks/impl.go:35.23,37.3 1 0
github.com/hsuanshao/golibs/aws/eks/impl.go:39.2,40.16 2 0
github.com/hsuanshao/golibs/aws/eks/impl.go:40.16,43.3 2 0
github.com/hsuanshao/golibs/aws/eks/impl.go:45.2,48.15 3 0
github.com/hsuanshao/golibs/aws/s3/impl.go:18.55,24.16 3 0
github.com/hsuanshao/golibs/aws/s3/impl.go:24.16,27.3 2 0
github.com/hsuanshao/golibs/aws/s3/impl.go:29.2,32.14 3 0
github.com/hsuanshao/golibs/aws/s3/impl.go:36.91,42.16 3 0
github.com/hsuanshao/golibs/aws/s3/impl.go:42.16,45.3 2 0
github.com/hsuanshao/golibs/aws/s3/impl.go:47.2,47.48 1 0
github.com/hsuanshao/golibs/aws/s3/impl.go:47.48,50.3 2 0
github.com/hsuanshao/golibs/aws/s3/impl.go:52.2,61.14 7 0
github.com/hsuanshao/golibs/aws/s3/impl.go:65.114,66.42 1 0
github.com/hsuanshao/golibs/aws/s3/impl.go:66.42,69.3 2 0
github.com/hsuanshao/golibs/aws/s3/impl.go:70.2,70.46 1 0
github.com/hsuanshao/golibs/aws/s3/impl.go:70.46,73.3 2 0
github.com/hsuanshao/golibs/aws/s3/impl.go:75.2,81.16 3 0
github.com/hsuanshao/golibs/aws/s3/impl.go:81.16,84.3 2 0
github.com/hsuanshao/golibs/aws/s3/impl.go:86.2,86.26 1 0
github.com/hsuanshao/golibs/aws/s3/impl.go:86.26,87.50 1 0
github.com/hsuanshao/golibs/aws/s3/impl.go:87.50,90.4 2 0
github.com/hsuanshao/golibs/aws/s3/impl.go:92.3,93.34 2 0
github.com/hsuanshao/golibs/aws/s3/impl.go:96.2,98.14 3 0
github.com/hsuanshao/golibs/aws/secretmanager/constructor.go:17.59,21.16 2 0
github.com/hsuanshao/golibs/aws/secretmanager/constructor.go:21.16,24.3 2 0
github.com/hsuanshao/golibs/aws/secretmanager/constructor.go:26.2,28.14 3 0
github.com/hsuanshao/golibs/aws/secretmanager/constructor.go:32.80,36.16 2 0
github.com/hsuanshao/golibs/aws/secretmanager/constructor.go:36.16,39.3 2 0
github.com/hsuanshao/golibs/aws/secretmanager/constructor.go:41.2,41.48 1 0
github.com/hsuanshao/golibs/aws/secretmanager/constructor.go:41.48,44.3 2 0
github.com/hsuanshao/golibs/aws/secretmanager/constructor.go:46.2,55.14 7 0
github.com/hsuanshao/golibs/aws/sns/impl.go:12.44,19.16 4 0
github.com/hsuanshao/golibs/aws/sns/impl.go:19.16,21.3 1 0
github.com/hsuanshao/golibs/aws/sns/impl.go:23.2,24.12 2 0
github.com/hsuanshao/golibs/aws/sns/impl.go:27.95,32.23 3 0
github.com/hsuanshao/golibs/aws/sns/impl.go:32.23,34.3 1 0
github.com/hsuanshao/golibs/aws/sns/impl.go:36.2,37.16 2 0
github.com/hsuanshao/golibs/aws/sns/impl.go:37.16,39.3 1 0
github.com/hsuanshao/golibs/aws/sns/impl.go:41.2,42.12 2 0
github.com/hsuanshao/golibs/buckets/impl.go:15.57,16.17 1 0
github.com/hsuanshao/golibs/buckets/impl.go:16.17,18.3 1 0
github.com/hsuanshao/golibs/buckets/impl.go:20.2,22.3 1 0
github.com/hsuanshao/golibs/buckets/impl.go:29.78,31.16 2 0
github.com/hsuanshao/golibs/buckets/impl.go:31.16,34.3 2 0
github.com/hsuanshao/golibs/buckets/impl.go:35.2,35.15 1 0
github.com/hsuanshao/golibs/buckets/impl.go:38.78,40.16 2 0
github.com/hsuanshao/golibs/buckets/impl.go:40.16,43.3 2 0
github.com/hsuanshao/golibs/buckets/impl.go:44.2,44.15 1 0
github.com/hsuanshao/golibs/buckets/cloud/reader.go:16.82,19.18 2 3
github.com/hsuanshao/golibs/buckets/cloud/reader.go:20.13,21.47 1 3
github.com/hsuanshao/golibs/buckets/cloud/reader.go:22.15,23.50 1 0
github.com/hsuanshao/golibs/buckets/cloud/reader.go:24.15,25.50 1 0
github.com/hsuanshao/golibs/buckets/cloud/reader.go:26.13,27.48 1 0
github.com/hsuanshao/golibs/buckets/cloud/reader.go:28.10,29.27 1 0
github.com/hsuanshao/golibs/buckets/cloud/reader.go:32.2,32.16 1 3
github.com/hsuanshao/golibs/buckets/cloud/reader.go:32.16,35.3 2 0
github.com/hsuanshao/golibs/buckets/cloud/reader.go:37.2,39.8 1 3
github.com/hsuanshao/golibs/buckets/cloud/reader.go:47.99,49.16 2 3
github.com/hsuanshao/golibs/buckets/cloud/reader.go:49.16,52.3 2 1
github.com/hsuanshao/golibs/buckets/cloud/reader.go:53.2,53.24 1 2
github.com/hsuanshao/golibs/buckets/cloud/reader.go:57.127,59.16 2 0
github.com/hsuanshao/golibs/buckets/cloud/reader.go:59.16,62.3 2 0
github.com/hsuanshao/golibs/buckets/cloud/reader.go:63.2,63.39 1 0
github.com/hsuanshao/golibs/buckets/cloud/reader.go:68.132,70.16 2 2
github.com/hsuanshao/golibs/buckets/cloud/reader.go:70.16,73.3 2 1
github.com/hsuanshao/golibs/buckets/cloud/reader.go:75.2,75.30 1 1
github.com/hsuanshao/golibs/buckets/cloud/reader.go:79.30,81.2 1 0
github.com/hsuanshao/golibs/buckets/cloud/writer.go:18.78,22.18 2 3
github.com/hsuanshao/golibs/buckets/cloud/writer.go:23.13,24.47 1 3
github.com/hsuanshao/golibs/buckets/cloud/writer.go:25.15,26.50 1 0
github.com/hsuanshao/golibs/buckets/cloud/writer.go:27.15,28.50 1 0
github.com/hsuanshao/golibs/buckets/cloud/writer.go:29.13,30.48 1 0
github.com/hsuanshao/golibs/buckets/cloud/writer.go:31.10,32.27 1 0
github.com/hsuanshao/golibs/buckets/cloud/writer.go:35.2,35.16 1 3
github.com/hsuanshao/golibs/buckets/cloud/writer.go:35.16,38.3 2 0
github.com/hsuanshao/golibs/buckets/cloud/writer.go:40.2,42.8 1 3
github.com/hsuanshao/golibs/buckets/cloud/writer.go:54.196,56.16 2 2
github.com/hsuanshao/golibs/buckets/cloud/writer.go:56.16,59.3 2 1
github.com/hsuanshao/golibs/buckets/cloud/writer.go:60.2,60.38 1 1
github.com/hsuanshao/golibs/buckets/cloud/writer.go:65.153,67.16 2 2
github.com/hsuanshao/golibs/buckets/cloud/writer.go:67.16,70.3 2 1
github.com/hsuanshao/golibs/buckets/cloud/writer.go:72.2,72.20 1 1
github.com/hsuanshao/golibs/buckets/cloud/writer.go:77.208,79.16 2 2
github.com/hsuanshao/golibs/buckets/cloud/writer.go:79.16,82.3 2 1
github.com/hsuanshao/golibs/buckets/cloud/writer.go:83.2,83.23 1 1
github.com/hsuanshao/golibs/buckets/cloud/writer.go:87.112,89.16 2 0
github.com/hsuanshao/golibs/buckets/cloud/writer.go:89.16,92.3 2 0
github.com/hsuanshao/golibs/buckets/cloud/writer.go:94.2,94.17 1 0
github.com/hsuanshao/golibs/buckets/cloud/writer.go:98.31,100.2 1 0
github.com/hsuanshao/golibs/iana/entity/models/tz.go:19.41,21.2 1 0
github.com/hsuanshao/golibs/iana/entity/models/tz.go:25.30,27.2 1 0
github.com/hsuanshao/golibs/iana/entity/models/tz.go:29.35,31.2 1 0
github.com/hsuanshao/golibs/iana/entity/models/tz.go:33.40,35.2 1 0
github.com/hsuanshao/golibs/buckets/entity/config.go:33.71,34.52 1 0
github.com/hsuanshao/golibs/buckets/entity/config.go:34.52,37.3 2 0
github.com/hsuanshao/golibs/buckets/entity/config.go:38.2,38.13 1 0
github.com/hsuanshao/golibs/buckets/entity/mime.go:100.38,102.2 1 0
github.com/hsuanshao/golibs/qpdf/example/example.go:12.13,217.2 9 0
github.com/hsuanshao/golibs/ctx/example/example.go:10.14,11.2 0 0
github.com/hsuanshao/golibs/ctx/example/example.go:18.13,28.2 7 0
github.com/hsuanshao/golibs/iana/tz/init.go:17.27,19.2 1 0
github.com/hsuanshao/golibs/iana/tz/init.go:21.33,28.16 5 0
github.com/hsuanshao/golibs/iana/tz/init.go:28.16,31.3 2 0
github.com/hsuanshao/golibs/iana/tz/init.go:32.2,34.16 3 0
github.com/hsuanshao/golibs/iana/tz/init.go:34.16,37.3 2 0
github.com/hsuanshao/golibs/iana/tz/init.go:39.2,57.72 15 0
github.com/hsuanshao/golibs/iana/tz/init.go:57.72,58.17 1 0
github.com/hsuanshao/golibs/iana/tz/init.go:58.17,60.4 1 0
github.com/hsuanshao/golibs/iana/tz/init.go:61.3,61.13 1 0
github.com/hsuanshao/golibs/iana/tz/init.go:64.2,64.22 1 0
github.com/hsuanshao/golibs/qpdf/impl.go:17.16,19.2 1 0
github.com/hsuanshao/golibs/qpdf/impl.go:31.94,38.2 4 0
github.com/hsuanshao/golibs/qpdf/impl.go:40.79,42.9 2 0
github.com/hsuanshao/golibs/qpdf/impl.go:43.37,44.15 1 0
github.com/hsuanshao/golibs/qpdf/impl.go:45.10,46.16 1 0
github.com/hsuanshao/golibs/qpdf/impl.go:48.2,48.17 1 0
github.com/hsuanshao/golibs/qpdf/impl.go:51.87,54.16 3 0
github.com/hsuanshao/golibs/qpdf/impl.go:54.16,57.3 2 0
github.com/hsuanshao/golibs/qpdf/impl.go:58.2,64.16 5 0
github.com/hsuanshao/golibs/qpdf/impl.go:64.16,67.3 2 0
github.com/hsuanshao/golibs/qpdf/impl.go:68.2,70.16 3 0
github.com/hsuanshao/golibs/qpdf/impl.go:70.16,73.3 2 0
github.com/hsuanshao/golibs/qpdf/impl.go:74.2,76.26 2 0
github.com/hsuanshao/golibs/qpdf/impl.go:80.73,81.19 1 0
github.com/hsuanshao/golibs/qpdf/impl.go:81.19,83.3 1 0
github.com/hsuanshao/golibs/qpdf/impl.go:84.2,87.37 3 0
github.com/hsuanshao/golibs/qpdf/impl.go:87.37,89.3 1 0
github.com/hsuanshao/golibs/qpdf/impl.go:91.2,91.20 1 0
github.com/hsuanshao/golibs/qpdf/impl.go:91.20,93.17 2 0
github.com/hsuanshao/golibs/qpdf/impl.go:93.17,96.4 2 0
github.com/hsuanshao/golibs/qpdf/impl.go:99.2,103.31 3 0
github.com/hsuanshao/golibs/qpdf/impl.go:103.31,104.51 1 0
github.com/hsuanshao/golibs/qpdf/impl.go:104.51,105.22 1 0
github.com/hsuanshao/golibs/qpdf/impl.go:105.22,106.26 1 0
github.com/hsuanshao/golibs/qpdf/impl.go:106.26,111.20 2 0
github.com/hsuanshao/golibs/qpdf/impl.go:111.20,113.7 1 0
github.com/hsuanshao/golibs/qpdf/impl.go:115.5,116.42 2 0
github.com/hsuanshao/golibs/qpdf/impl.go:119.4,120.37 2 0
github.com/hsuanshao/golibs/qpdf/impl.go:120.37,121.42 1 0
github.com/hsuanshao/golibs/qpdf/impl.go:121.42,128.6 2 0
github.com/hsuanshao/golibs/qpdf/impl.go:135.2,135.12 1 0
github.com/hsuanshao/golibs/qpdf/impl.go:139.84,142.33 3 0
github.com/hsuanshao/golibs/qpdf/impl.go:142.33,143.24 1 0
github.com/hsuanshao/golibs/qpdf/impl.go:143.24,150.40 6 0
github.com/hsuanshao/golibs/qpdf/impl.go:150.40,156.5 1 0
github.com/hsuanshao/golibs/qpdf/impl.go:158.4,158.42 1 0
github.com/hsuanshao/golibs/qpdf/impl.go:158.42,163.5 1 0
github.com/hsuanshao/golibs/qpdf/impl.go:167.2,168.12 2 0
github.com/hsuanshao/golibs/qpdf/impl.go:172.72,176.33 3 0
github.com/hsuanshao/golibs/qpdf/impl.go:176.33,180.32 3 0
github.com/hsuanshao/golibs/qpdf/impl.go:180.32,181.34 1 0
github.com/hsuanshao/golibs/qpdf/impl.go:181.34,183.22 2 0
github.com/hsuanshao/golibs/qpdf/impl.go:183.22,185.6 1 0
github.com/hsuanshao/golibs/qpdf/impl.go:187.5,187.33 1 0
github.com/hsuanshao/golibs/qpdf/impl.go:187.33,190.34 3 0
github.com/hsuanshao/golibs/qpdf/impl.go:190.34,193.7 2 0
github.com/hsuanshao/golibs/qpdf/impl.go:195.6,196.23 2 0
github.com/hsuanshao/golibs/qpdf/impl.go:196.23,197.89 1 0
github.com/hsuanshao/golibs/qpdf/impl.go:197.89,200.38 3 0
github.com/hsuanshao/golibs/qpdf/impl.go:200.38,203.20 3 0
github.com/hsuanshao/golibs/qpdf/impl.go:203.20,206.10 2 0
github.com/hsuanshao/golibs/qpdf/impl.go:208.8,208.32 1 0
github.com/hsuanshao/golibs/qpdf/impl.go:212.6,221.23 2 0
github.com/hsuanshao/golibs/qpdf/impl.go:221.23,223.7 1 0
github.com/hsuanshao/golibs/qpdf/impl.go:227.3,227.15 1 0
github.com/hsuanshao/golibs/qpdf/impl.go:227.15,229.4 1 0
github.com/hsuanshao/golibs/qpdf/impl.go:232.2,232.12 1 0
github.com/hsuanshao/golibs/qpdf/impl.go:236.73,238.31 2 0
github.com/hsuanshao/golibs/qpdf/impl.go:238.31,239.25 1 0
github.com/hsuanshao/golibs/qpdf/impl.go:239.25,242.35 3 0
github.com/hsuanshao/golibs/qpdf/impl.go:242.35,243.39 1 0
github.com/hsuanshao/golibs/qpdf/impl.go:243.39,249.6 1 0
github.com/hsuanshao/golibs/qpdf/impl.go:253.2,253.12 1 0
github.com/hsuanshao/golibs/qpdf/impl.go:256.50,260.2 3 0
github.com/hsuanshao/golibs/qpdf/impl.go:263.41,267.2 2 0
github.com/hsuanshao/golibs/qpdf/impl.go:269.72,273.16 3 0
github.com/hsuanshao/golibs/qpdf/impl.go:273.16,276.3 2 0
github.com/hsuanshao/golibs/qpdf/impl.go:277.2,278.24 2 0
github.com/hsuanshao/golibs/qpdf/impl.go:282.81,287.16 4 0
github.com/hsuanshao/golibs/qpdf/impl.go:287.16,290.3 2 0
github.com/hsuanshao/golibs/qpdf/impl.go:292.2,292.22 1 0
github.com/hsuanshao/golibs/qpdf/props.go:32.78,34.30 2 0
github.com/hsuanshao/golibs/qpdf/props.go:34.30,38.34 3 0
github.com/hsuanshao/golibs/qpdf/props.go:38.34,40.4 1 0
github.com/hsuanshao/golibs/qpdf/props.go:42.3,42.35 1 0
github.com/hsuanshao/golibs/qpdf/props.go:42.35,44.4 1 0
github.com/hsuanshao/golibs/qpdf/props.go:47.2,47.29 1 0
github.com/hsuanshao/golibs/qpdf/props.go:66.53,69.31 3 0
github.com/hsuanshao/golibs/qpdf/props.go:69.31,72.22 3 0
github.com/hsuanshao/golibs/qpdf/props.go:72.22,74.4 1 0
github.com/hsuanshao/golibs/qpdf/props.go:77.2,79.15 2 0
github.com/hsuanshao/golibs/memory/memory.go:7.28,10.2 2 12
github.com/hsuanshao/golibs/memory/memory.go:14.58,16.18 1 74
github.com/hsuanshao/golibs/memory/memory.go:18.21,19.14 1 1
github.com/hsuanshao/golibs/memory/memory.go:20.21,22.54 1 6
github.com/hsuanshao/golibs/memory/memory.go:22.54,24.4 1 1
github.com/hsuanshao/golibs/memory/memory.go:25.3,25.32 1 5
github.com/hsuanshao/golibs/memory/memory.go:25.32,27.4 1 4
github.com/hsuanshao/golibs/memory/memory.go:28.3,29.32 2 5
github.com/hsuanshao/golibs/memory/memory.go:29.32,31.13 2 15
github.com/hsuanshao/golibs/memory/memory.go:31.13,33.5 1 0
github.com/hsuanshao/golibs/memory/memory.go:34.4,34.12 1 15
github.com/hsuanshao/golibs/memory/memory.go:36.3,36.36 1 5
github.com/hsuanshao/golibs/memory/memory.go:38.22,40.43 2 15
github.com/hsuanshao/golibs/memory/memory.go:40.43,42.13 2 39
github.com/hsuanshao/golibs/memory/memory.go:42.13,44.5 1 0
github.com/hsuanshao/golibs/memory/memory.go:45.4,45.12 1 39
github.com/hsuanshao/golibs/memory/memory.go:47.3,47.13 1 15
github.com/hsuanshao/golibs/memory/memory.go:49.22,50.48 1 15
github.com/hsuanshao/golibs/memory/memory.go:52.19,54.25 1 4
github.com/hsuanshao/golibs/memory/memory.go:54.25,56.4 1 1
github.com/hsuanshao/golibs/memory/memory.go:57.3,58.16 2 3
github.com/hsuanshao/golibs/memory/memory.go:58.16,60.4 1 1
github.com/hsuanshao/golibs/memory/memory.go:61.3,62.12 2 2
github.com/hsuanshao/golibs/memory/memory.go:62.12,64.4 1 0
github.com/hsuanshao/golibs/memory/memory.go:65.3,65.34 1 2
github.com/hsuanshao/golibs/memory/memory.go:73.75,74.30 1 33
github.com/hsuanshao/golibs/memory/memory.go:76.19,78.25 1 1
github.com/hsuanshao/golibs/memory/memory.go:78.25,80.4 1 0
github.com/hsuanshao/golibs/memory/memory.go:81.3,84.23 4 1
github.com/hsuanshao/golibs/memory/memory.go:84.23,88.14 3 3
github.com/hsuanshao/golibs/memory/memory.go:88.14,90.5 1 0
github.com/hsuanshao/golibs/memory/memory.go:91.4,93.14 3 3
github.com/hsuanshao/golibs/memory/memory.go:93.14,95.5 1 0
github.com/hsuanshao/golibs/memory/memory.go:96.4,96.13 1 3
github.com/hsuanshao/golibs/memory/memory.go:100.3,100.68 1 1
github.com/hsuanshao/golibs/memory/memory.go:102.25,103.56 1 0
github.com/hsuanshao/golibs/memory/memory.go:106.2,106.11 1 0
github.com/hsuanshao/golibs/math/math.go:13.17,15.2 1 0
github.com/hsuanshao/golibs/math/math.go:20.43,21.11 1 2
github.com/hsuanshao/golibs/math/math.go:21.11,23.3 1 1
github.com/hsuanshao/golibs/math/math.go:24.2,24.10 1 1
github.com/hsuanshao/golibs/math/math.go:28.43,29.11 1 2
github.com/hsuanshao/golibs/math/math.go:29.11,31.3 1 1
github.com/hsuanshao/golibs/math/math.go:32.2,32.10 1 1
github.com/hsuanshao/golibs/math/math.go:36.37,37.11 1 2
github.com/hsuanshao/golibs/math/math.go:37.11,39.3 1 1
github.com/hsuanshao/golibs/math/math.go:40.2,40.10 1 1
github.com/hsuanshao/golibs/math/math.go:44.37,45.11 1 2
github.com/hsuanshao/golibs/math/math.go:45.11,47.3 1 1
github.com/hsuanshao/golibs/math/math.go:48.2,48.10 1 1
github.com/hsuanshao/golibs/math/math.go:52.49,53.11 1 1
github.com/hsuanshao/golibs/math/math.go:53.11,55.3 1 0
github.com/hsuanshao/golibs/math/math.go:56.2,56.10 1 1
github.com/hsuanshao/golibs/math/math.go:60.49,61.11 1 1
github.com/hsuanshao/golibs/math/math.go:61.11,63.3 1 0
github.com/hsuanshao/golibs/math/math.go:64.2,64.10 1 1
github.com/hsuanshao/golibs/math/math.go:68.90,71.2 2 2
github.com/hsuanshao/golibs/math/math.go:74.117,78.9 4 3
github.com/hsuanshao/golibs/math/math.go:78.9,81.3 2 1
github.com/hsuanshao/golibs/math/math.go:83.2,83.39 1 2
github.com/hsuanshao/golibs/math/math.go:87.117,90.30 3 3
github.com/hsuanshao/golibs/math/math.go:90.30,92.3 1 1
github.com/hsuanshao/golibs/math/math.go:93.2,96.9 4 3
github.com/hsuanshao/golibs/math/math.go:96.9,98.31 2 1
github.com/hsuanshao/golibs/math/math.go:98.31,100.4 1 0
github.com/hsuanshao/golibs/math/math.go:101.3,102.43 2 1
github.com/hsuanshao/golibs/math/math.go:105.2,105.29 1 2
github.com/hsuanshao/golibs/math/math.go:109.97,113.2 3 2
github.com/hsuanshao/golibs/math/math.go:116.109,119.30 3 3
github.com/hsuanshao/golibs/math/math.go:119.30,121.3 1 1
github.com/hsuanshao/golibs/math/math.go:123.2,124.16 2 3
github.com/hsuanshao/golibs/math/math.go:124.16,127.3 2 1
github.com/hsuanshao/golibs/math/math.go:129.2,129.25 1 2
github.com/hsuanshao/golibs/math/math.go:133.105,137.30 4 3
github.com/hsuanshao/golibs/math/math.go:137.30,139.3 1 1
github.com/hsuanshao/golibs/math/math.go:141.2,143.9 3 3
github.com/hsuanshao/golibs/math/math.go:143.9,146.3 2 1
github.com/hsuanshao/golibs/math/math.go:148.2,148.20 1 2
github.com/hsuanshao/golibs/validator/validator.go:7.64,9.2 1 5
github.com/hsuanshao/golibs/validator/validator.go:13.60,15.2 1 4
github.com/hsuanshao/golibs/validator/validator.go:19.50,21.2 1 6
github.com/hsuanshao/golibs/validator/validator.go:24.40,26.2 1 22
github.com/hsuanshao/golibs/validator/validator.go:29.57,30.25 1 2
github.com/hsuanshao/golibs/validator/validator.go:30.25,31.18 1 8
github.com/hsuanshao/golibs/validator/validator.go:31.18,33.4 1 1
github.com/hsuanshao/golibs/validator/validator.go:35.2,35.14 1 1
github.com/hsuanshao/golibs/validator/validator.go:39.51,40.28 1 2
github.com/hsuanshao/golibs/validator/validator.go:40.28,41.18 1 8
github.com/hsuanshao/golibs/validator/validator.go:41.18,43.4 1 1
github.com/hsuanshao/golibs/validator/validator.go:45.2,45.14 1 1
github.com/hsuanshao/golibs/validator/validator.go:49.59,50.30 1 2
github.com/hsuanshao/golibs/validator/validator.go:50.30,51.18 1 6
github.com/hsuanshao/golibs/validator/validator.go:51.18,53.4 1 1
github.com/hsuanshao/golibs/validator/validator.go:55.2,55.14 1 1
github.com/hsuanshao/golibs/randm/impl.go:19.33,22.42 3 2
github.com/hsuanshao/golibs/randm/impl.go:22.42,24.3 1 512
github.com/hsuanshao/golibs/randm/impl.go:26.2,26.44 1 2
github.com/hsuanshao/golibs/randm/impl.go:26.44,28.3 1 116
github.com/hsuanshao/golibs/randm/impl.go:30.2,38.14 8 2
github.com/hsuanshao/golibs/randm/impl.go:38.14,40.3 1 0
github.com/hsuanshao/golibs/randm/impl.go:42.2,42.20 1 2
github.com/hsuanshao/golibs/randm/impl.go:42.20,44.3 1 0
github.com/hsuanshao/golibs/randm/impl.go:46.2,61.10 4 2
github.com/hsuanshao/golibs/randm/impl.go:85.15,89.6 2 2
github.com/hsuanshao/golibs/randm/impl.go:89.6,91.3 1 10002
github.com/hsuanshao/golibs/randm/impl.go:94.17,96.6 2 2
github.com/hsuanshao/golibs/randm/impl.go:96.6,98.3 1 10027
github.com/hsuanshao/golibs/randm/impl.go:125.34,129.20 3 1000
github.com/hsuanshao/golibs/randm/impl.go:129.20,131.3 1 0
github.com/hsuanshao/golibs/randm/impl.go:133.2,134.34 2 1000
github.com/hsuanshao/golibs/randm/impl.go:134.34,136.3 1 1000
github.com/hsuanshao/golibs/randm/impl.go:137.2,144.12 3 1000
github.com/hsuanshao/golibs/randm/impl.go:148.52,158.55 7 2
github.com/hsuanshao/golibs/randm/impl.go:158.55,160.3 1 1
github.com/hsuanshao/golibs/randm/impl.go:161.2,161.13 1 1
github.com/hsuanshao/golibs/randm/impl.go:164.61,166.2 1 1
github.com/hsuanshao/golibs/randm/impl.go:168.62,171.19 2 1
github.com/hsuanshao/golibs/randm/impl.go:171.19,174.3 2 25
github.com/hsuanshao/golibs/randm/impl.go:175.2,175.18 1 1
github.com/hsuanshao/golibs/randm/impl.go:181.28,183.2 1 4
github.com/hsuanshao/golibs/metrics/datadog.go:36.21,38.26 1 1
github.com/hsuanshao/golibs/metrics/datadog.go:38.26,41.3 2 0
github.com/hsuanshao/golibs/metrics/datadog.go:45.2,50.16 5 1
github.com/hsuanshao/golibs/metrics/datadog.go:50.16,53.3 1 0
github.com/hsuanshao/golibs/metrics/datadog.go:68.71,72.73 2 0
github.com/hsuanshao/golibs/metrics/datadog.go:72.73,74.3 1 0
github.com/hsuanshao/golibs/metrics/datadog.go:78.71,80.80 2 5
github.com/hsuanshao/golibs/metrics/datadog.go:80.80,82.3 1 0
github.com/hsuanshao/golibs/metrics/datadog.go:86.77,88.77 2 0
github.com/hsuanshao/golibs/metrics/datadog.go:88.77,90.3 1 0
github.com/hsuanshao/golibs/metrics/datadog.go:102.3,105.2 2 2
github.com/hsuanshao/golibs/metrics/datadog.go:107.39,108.17 1 11
github.com/hsuanshao/golibs/metrics/datadog.go:108.17,110.3 1 1
github.com/hsuanshao/golibs/metrics/datadog.go:111.2,111.22 1 10
github.com/hsuanshao/golibs/metrics/datadog.go:111.22,113.3 1 1
github.com/hsuanshao/golibs/metrics/datadog.go:114.2,115.36 2 9
github.com/hsuanshao/golibs/metrics/datadog.go:115.36,117.3 1 12
github.com/hsuanshao/golibs/metrics/datadog.go:118.2,118.12 1 9
github.com/hsuanshao/golibs/metrics/datadog.go:127.32,134.82 5 2
github.com/hsuanshao/golibs/metrics/datadog.go:134.82,136.3 1 0
github.com/hsuanshao/golibs/metrics/logclient.go:12.91,15.2 2 0
github.com/hsuanshao/golibs/metrics/logclient.go:19.89,22.2 2 0
github.com/hsuanshao/golibs/metrics/logclient.go:27.95,30.2 2 0
github.com/hsuanshao/golibs/metrics/logclient.go:34.104,37.2 2 0
github.com/hsuanshao/golibs/metrics/metrics.go:19.13,21.2 1 1
github.com/hsuanshao/golibs/metrics/metrics.go:38.34,40.2 1 4
github.com/hsuanshao/golibs/metrics/metrics.go:51.50,53.2 1 0
github.com/hsuanshao/golibs/metrics/metrics.go:56.69,57.15 1 0
github.com/hsuanshao/golibs/metrics/metrics.go:57.15,58.35 1 0
github.com/hsuanshao/golibs/metrics/metrics.go:58.35,60.4 1 0
github.com/hsuanshao/golibs/metrics/metrics.go:64.2,64.54 1 0
github.com/hsuanshao/golibs/metrics/metrics.go:68.69,69.15 1 4
github.com/hsuanshao/golibs/metrics/metrics.go:69.15,70.35 1 4
github.com/hsuanshao/golibs/metrics/metrics.go:70.35,72.4 1 0
github.com/hsuanshao/golibs/metrics/metrics.go:76.2,76.54 1 4
github.com/hsuanshao/golibs/metrics/metrics.go:80.75,81.15 1 0
github.com/hsuanshao/golibs/metrics/metrics.go:81.15,82.35 1 0
github.com/hsuanshao/golibs/metrics/metrics.go:82.35,84.4 1 0
github.com/hsuanshao/golibs/metrics/metrics.go:88.2,88.60 1 0
github.com/hsuanshao/golibs/metrics/metrics.go:98.63,104.24 2 2
github.com/hsuanshao/golibs/metrics/metrics.go:104.24,106.4 1 0
github.com/hsuanshao/golibs/metrics/metrics.go:117.29,118.15 1 2
github.com/hsuanshao/golibs/metrics/metrics.go:118.15,119.35 1 2
github.com/hsuanshao/golibs/metrics/metrics.go:119.35,121.4 1 0
github.com/hsuanshao/golibs/metrics/metrics.go:125.2,126.8 2 2
github.com/hsuanshao/golibs/metrics/monitor.go:25.21,26.23 1 1
github.com/hsuanshao/golibs/metrics/monitor.go:26.23,28.3 1 1
github.com/hsuanshao/golibs/metrics/monitor.go:29.2,29.12 1 0
github.com/hsuanshao/golibs/metrics/monitor.go:29.12,30.38 1 0
github.com/hsuanshao/golibs/metrics/monitor.go:30.38,32.32 2 0
github.com/hsuanshao/golibs/metrics/monitor.go:32.32,34.5 1 0
github.com/hsuanshao/golibs/metrics/monitor.go:39.23,48.19 7 0
github.com/hsuanshao/golibs/metrics/monitor.go:48.19,50.3 1 0
github.com/hsuanshao/golibs/metrics/monitor.go:51.2,55.19 4 0
github.com/hsuanshao/golibs/metrics/monitor.go:55.19,57.3 1 0
github.com/hsuanshao/golibs/metrics/monitor.go:58.2,61.92 3 0
github.com/hsuanshao/golibs/metrics/monitor.go:64.22,67.19 3 0
github.com/hsuanshao/golibs/metrics/monitor.go:67.19,69.3 1 0
github.com/hsuanshao/golibs/metrics/monitor.go:70.2,74.102 4 0
github.com/hsuanshao/golibs/metrics/monitor.go:77.61,80.19 3 0
github.com/hsuanshao/golibs/metrics/monitor.go:80.19,83.3 2 0
github.com/hsuanshao/golibs/metrics/monitor.go:84.2,84.33 1 0
github.com/hsuanshao/golibs/buckets/cloud/provider/azure.go:15.90,17.2 1 0
github.com/hsuanshao/golibs/buckets/cloud/provider/azure.go:25.99,27.2 1 0
github.com/hsuanshao/golibs/buckets/cloud/provider/azure.go:30.125,32.2 1 0
github.com/hsuanshao/golibs/buckets/cloud/provider/azure.go:35.89,37.2 1 0
github.com/hsuanshao/golibs/buckets/cloud/provider/azure.go:39.129,41.2 1 0
github.com/hsuanshao/golibs/buckets/cloud/provider/azure.go:44.169,46.2 1 0
github.com/hsuanshao/golibs/buckets/cloud/provider/azure.go:49.169,51.2 1 0
github.com/hsuanshao/golibs/buckets/cloud/provider/azure.go:54.152,56.2 1 0
github.com/hsuanshao/golibs/buckets/cloud/provider/azure.go:58.112,60.2 1 0
github.com/hsuanshao/golibs/buckets/cloud/provider/azure.go:63.75,65.2 1 0
github.com/hsuanshao/golibs/buckets/cloud/provider/azure.go:68.29,68.30 0 0
github.com/hsuanshao/golibs/buckets/cloud/provider/gcp.go:19.86,21.2 1 0
github.com/hsuanshao/golibs/buckets/cloud/provider/gcp.go:29.100,31.2 1 0
github.com/hsuanshao/golibs/buckets/cloud/provider/gcp.go:34.126,36.2 1 0
github.com/hsuanshao/golibs/buckets/cloud/provider/gcp.go:39.90,41.2 1 0
github.com/hsuanshao/golibs/buckets/cloud/provider/gcp.go:43.130,45.2 1 0
github.com/hsuanshao/golibs/buckets/cloud/provider/gcp.go:48.170,50.2 1 0
github.com/hsuanshao/golibs/buckets/cloud/provider/gcp.go:53.170,55.2 1 0
github.com/hsuanshao/golibs/buckets/cloud/provider/gcp.go:58.153,60.2 1 0
github.com/hsuanshao/golibs/buckets/cloud/provider/gcp.go:62.113,64.2 1 0
github.com/hsuanshao/golibs/buckets/cloud/provider/gcp.go:67.76,69.2 1 0
github.com/hsuanshao/golibs/buckets/cloud/provider/gcp.go:72.30,72.31 0 0
github.com/hsuanshao/golibs/buckets/cloud/provider/minio.go:30.91,35.27 2 0
github.com/hsuanshao/golibs/buckets/cloud/provider/minio.go:35.27,37.3 1 0
github.com/hsuanshao/golibs/buckets/cloud/provider/minio.go:39.2,40.105 2 0
github.com/hsuanshao/golibs/buckets/cloud/provider/minio.go:40.105,43.3 2 0
github.com/hsuanshao/golibs/buckets/cloud/provider/minio.go:44.2,53.8 3 0
github.com/hsuanshao/golibs/buckets/cloud/provider/minio.go:73.106,80.53 2 0
github.com/hsuanshao/golibs/buckets/cloud/provider/minio.go:80.53,82.3 1 0
github.com/hsuanshao/golibs/buckets/cloud/provider/minio.go:84.2,84.51 1 0
github.com/hsuanshao/golibs/buckets/cloud/provider/minio.go:84.51,86.3 1 0
github.com/hsuanshao/golibs/buckets/cloud/provider/minio.go:88.2,89.16 2 0
github.com/hsuanshao/golibs/buckets/cloud/provider/minio.go:89.16,92.3 2 0
github.com/hsuanshao/golibs/buckets/cloud/provider/minio.go:94.2,94.31 1 0
github.com/hsuanshao/golibs/buckets/cloud/provider/minio.go:94.31,96.3 1 0
github.com/hsuanshao/golibs/buckets/cloud/provider/minio.go:98.2,98.40 1 0
github.com/hsuanshao/golibs/buckets/cloud/provider/minio.go:98.40,99.21 1 0
github.com/hsuanshao/golibs/buckets/cloud/provider/minio.go:99.21,101.12 2 0
github.com/hsuanshao/golibs/buckets/cloud/provider/minio.go:104.3,105.33 2 0
github.com/hsuanshao/golibs/buckets/cloud/provider/minio.go:108.2,108.21 1 0
github.com/hsuanshao/golibs/buckets/cloud/provider/minio.go:111.65,113.15 2 0
github.com/hsuanshao/golibs/buckets/cloud/provider/minio.go:113.15,115.3 1 0
github.com/hsuanshao/golibs/buckets/cloud/provider/minio.go:116.2,117.12 2 0
github.com/hsuanshao/golibs/buckets/cloud/provider/minio.go:120.86,125.14 4 0
github.com/hsuanshao/golibs/buckets/cloud/provider/minio.go:125.14,127.3 1 0
github.com/hsuanshao/golibs/buckets/cloud/provider/minio.go:128.2,133.13 5 0
github.com/hsuanshao/golibs/buckets/cloud/provider/minio.go:133.13,135.14 2 0
github.com/hsuanshao/golibs/buckets/cloud/provider/minio.go:135.14,139.4 3 0
github.com/hsuanshao/golibs/buckets/cloud/provider/minio.go:141.3,142.34 2 0
github.com/hsuanshao/golibs/buckets/cloud/provider/minio.go:142.34,144.13 2 0
github.com/hsuanshao/golibs/buckets/cloud/provider/minio.go:144.13,146.5 1 0
github.com/hsuanshao/golibs/buckets/cloud/provider/minio.go:150.2,150.25 1 0
github.com/hsuanshao/golibs/buckets/cloud/provider/minio.go:150.25,152.3 1 0
github.com/hsuanshao/golibs/buckets/cloud/provider/minio.go:154.2,154.32 1 0
github.com/hsuanshao/golibs/buckets/cloud/provider/minio.go:158.132,160.33 2 0
github.com/hsuanshao/golibs/buckets/cloud/provider/minio.go:160.33,163.3 2 0
github.com/hsuanshao/golibs/buckets/cloud/provider/minio.go:165.2,165.33 1 0
github.com/hsuanshao/golibs/buckets/cloud/provider/minio.go:165.33,168.3 2 0
github.com/hsuanshao/golibs/buckets/cloud/provider/minio.go:170.2,171.16 2 0
github.com/hsuanshao/golibs/buckets/cloud/provider/minio.go:171.16,174.3 2 0
github.com/hsuanshao/golibs/buckets/cloud/provider/minio.go:176.2,177.42 2 0
github.com/hsuanshao/golibs/buckets/cloud/provider/minio.go:177.42,178.17 1 0
github.com/hsuanshao/golibs/buckets/cloud/provider/minio.go:178.17,180.4 1 0
github.com/hsuanshao/golibs/buckets/cloud/provider/minio.go:182.2,183.33 2 0
github.com/hsuanshao/golibs/buckets/cloud/provider/minio.go:183.33,185.3 1 0
github.com/hsuanshao/golibs/buckets/cloud/provider/minio.go:186.2,187.35 2 0
github.com/hsuanshao/golibs/buckets/cloud/provider/minio.go:187.35,189.3 1 0
github.com/hsuanshao/golibs/buckets/cloud/provider/minio.go:190.2,193.16 3 0
github.com/hsuanshao/golibs/buckets/cloud/provider/minio.go:193.16,196.3 2 0
github.com/hsuanshao/golibs/buckets/cloud/provider/minio.go:197.2,199.34 2 0
github.com/hsuanshao/golibs/buckets/cloud/provider/minio.go:203.96,205.33 2 0
github.com/hsuanshao/golibs/buckets/cloud/provider/minio.go:205.33,208.3 2 0
github.com/hsuanshao/golibs/buckets/cloud/provider/minio.go:210.2,210.33 1 0
github.com/hsuanshao/golibs/buckets/cloud/provider/minio.go:210.33,213.3 2 0
github.com/hsuanshao/golibs/buckets/cloud/provider/minio.go:215.2,216.16 2 0
github.com/hsuanshao/golibs/buckets/cloud/provider/minio.go:216.16,220.3 2 0
github.com/hsuanshao/golibs/buckets/cloud/provider/minio.go:222.2,223.29 2 0
github.com/hsuanshao/golibs/buckets/cloud/provider/minio.go:223.29,225.3 1 0
github.com/hsuanshao/golibs/buckets/cloud/provider/minio.go:227.2,227.20 1 0
github.com/hsuanshao/golibs/buckets/cloud/provider/minio.go:231.136,233.33 2 0
github.com/hsuanshao/golibs/buckets/cloud/provider/minio.go:233.33,236.3 2 0
github.com/hsuanshao/golibs/buckets/cloud/provider/minio.go:238.2,238.33 1 0
github.com/hsuanshao/golibs/buckets/cloud/provider/minio.go:238.33,241.3 2 0
github.com/hsuanshao/golibs/buckets/cloud/provider/minio.go:243.2,248.57 2 0
github.com/hsuanshao/golibs/buckets/cloud/provider/minio.go:248.57,251.29 2 0
github.com/hsuanshao/golibs/buckets/cloud/provider/minio.go:251.29,253.4 1 0
github.com/hsuanshao/golibs/buckets/cloud/provider/minio.go:254.3,254.219 1 0
github.com/hsuanshao/golibs/buckets/cloud/provider/minio.go:257.2,258.16 2 0
github.com/hsuanshao/golibs/buckets/cloud/provider/minio.go:258.16,261.3 2 0
github.com/hsuanshao/golibs/buckets/cloud/provider/minio.go:263.2,263.30 1 0
github.com/hsuanshao/golibs/buckets/cloud/provider/minio.go:267.176,269.33 2 0
github.com/hsuanshao/golibs/buckets/cloud/provider/minio.go:269.33,272.3 2 0
github.com/hsuanshao/golibs/buckets/cloud/provider/minio.go:274.2,274.33 1 0
github.com/hsuanshao/golibs/buckets/cloud/provider/minio.go:274.33,277.3 2 0
github.com/hsuanshao/golibs/buckets/cloud/provider/minio.go:279.2,280.15 2 0
github.com/hsuanshao/golibs/buckets/cloud/provider/minio.go:280.15,283.3 2 0
github.com/hsuanshao/golibs/buckets/cloud/provider/minio.go:285.2,293.16 3 0
github.com/hsuanshao/golibs/buckets/cloud/provider/minio.go:293.16,296.3 2 0
github.com/hsuanshao/golibs/buckets/cloud/provider/minio.go:297.2,297.27 1 0
github.com/hsuanshao/golibs/buckets/cloud/provider/minio.go:301.176,303.33 2 0
github.com/hsuanshao/golibs/buckets/cloud/provider/minio.go:303.33,306.3 2 0
github.com/hsuanshao/golibs/buckets/cloud/provider/minio.go:308.2,308.33 1 0
github.com/hsuanshao/golibs/buckets/cloud/provider/minio.go:308.33,311.3 2 0
github.com/hsuanshao/golibs/buckets/cloud/provider/minio.go:313.2,314.16 2 0
github.com/hsuanshao/golibs/buckets/cloud/provider/minio.go:314.16,317.3 1 0
github.com/hsuanshao/golibs/buckets/cloud/provider/minio.go:319.2,320.29 2 0
github.com/hsuanshao/golibs/buckets/cloud/provider/minio.go:320.29,322.3 1 0
github.com/hsuanshao/golibs/buckets/cloud/provider/minio.go:324.2,324.12 1 0
github.com/hsuanshao/golibs/buckets/cloud/provider/minio.go:324.12,328.3 2 0
github.com/hsuanshao/golibs/buckets/cloud/provider/minio.go:330.2,331.44 2 0
github.com/hsuanshao/golibs/buckets/cloud/provider/minio.go:331.44,334.3 2 0
github.com/hsuanshao/golibs/buckets/cloud/provider/minio.go:336.2,343.16 3 0
github.com/hsuanshao/golibs/buckets/cloud/provider/minio.go:343.16,346.3 2 0
github.com/hsuanshao/golibs/buckets/cloud/provider/minio.go:348.2,350.32 2 0
github.com/hsuanshao/golibs/buckets/cloud/provider/minio.go:350.32,352.3 1 0
github.com/hsuanshao/golibs/buckets/cloud/provider/minio.go:353.2,357.16 4 0
github.com/hsuanshao/golibs/buckets/cloud/provider/minio.go:357.16,361.3 2 0
github.com/hsuanshao/golibs/buckets/cloud/provider/minio.go:363.2,363.38 1 0
github.com/hsuanshao/golibs/buckets/cloud/provider/minio.go:367.159,369.33 2 0
github.com/hsuanshao/golibs/buckets/cloud/provider/minio.go:369.33,372.3 2 0
github.com/hsuanshao/golibs/buckets/cloud/provider/minio.go:374.2,374.33 1 0
github.com/hsuanshao/golibs/buckets/cloud/provider/minio.go:374.33,377.3 2 0
github.com/hsuanshao/golibs/buckets/cloud/provider/minio.go:379.2,380.16 2 0
github.com/hsuanshao/golibs/buckets/cloud/provider/minio.go:380.16,383.3 2 0
github.com/hsuanshao/golibs/buckets/cloud/provider/minio.go:385.2,385.34 1 0
github.com/hsuanshao/golibs/buckets/cloud/provider/minio.go:385.34,388.3 2 0
github.com/hsuanshao/golibs/buckets/cloud/provider/minio.go:390.2,391.33 2 0
github.com/hsuanshao/golibs/buckets/cloud/provider/minio.go:391.33,393.3 1 0
github.com/hsuanshao/golibs/buckets/cloud/provider/minio.go:395.2,396.34 2 0
github.com/hsuanshao/golibs/buckets/cloud/provider/minio.go:396.34,399.3 2 0
github.com/hsuanshao/golibs/buckets/cloud/provider/minio.go:400.2,404.16 4 0
github.com/hsuanshao/golibs/buckets/cloud/provider/minio.go:404.16,407.3 2 0
github.com/hsuanshao/golibs/buckets/cloud/provider/minio.go:408.2,408.23 1 0
github.com/hsuanshao/golibs/buckets/cloud/provider/minio.go:412.119,416.36 4 0
github.com/hsuanshao/golibs/buckets/cloud/provider/minio.go:416.36,418.26 2 0
github.com/hsuanshao/golibs/buckets/cloud/provider/minio.go:418.26,421.4 2 0
github.com/hsuanshao/golibs/buckets/cloud/provider/minio.go:423.3,423.26 1 0
github.com/hsuanshao/golibs/buckets/cloud/provider/minio.go:423.26,426.4 2 0
github.com/hsuanshao/golibs/buckets/cloud/provider/minio.go:427.3,430.60 2 0
github.com/hsuanshao/golibs/buckets/cloud/provider/minio.go:433.2,440.16 2 0
github.com/hsuanshao/golibs/buckets/cloud/provider/minio.go:440.16,443.3 2 0
github.com/hsuanshao/golibs/buckets/cloud/provider/minio.go:445.2,445.51 1 0
github.com/hsuanshao/golibs/buckets/cloud/provider/minio.go:445.51,447.3 1 0
github.com/hsuanshao/golibs/buckets/cloud/provider/minio.go:449.2,449.18 1 0
github.com/hsuanshao/golibs/buckets/cloud/provider/minio.go:453.82,458.16 5 0
github.com/hsuanshao/golibs/buckets/cloud/provider/minio.go:458.16,460.3 1 0
github.com/hsuanshao/golibs/buckets/cloud/provider/minio.go:462.2,466.8 2 0
github.com/hsuanshao/golibs/buckets/cloud/provider/minio.go:470.36,473.2 0 0
github.com/hsuanshao/golibs/buckets/cloud/provider/s3.go:30.87,37.24 4 0
github.com/hsuanshao/golibs/buckets/cloud/provider/s3.go:37.24,38.94 1 0
github.com/hsuanshao/golibs/buckets/cloud/provider/s3.go:38.94,40.4 1 0
github.com/hsuanshao/golibs/buckets/cloud/provider/s3.go:43.2,43.18 1 0
github.com/hsuanshao/golibs/buckets/cloud/provider/s3.go:43.18,45.3 1 0
github.com/hsuanshao/golibs/buckets/cloud/provider/s3.go:47.2,52.8 1 0
github.com/hsuanshao/golibs/buckets/cloud/provider/s3.go:73.100,80.53 2 4
github.com/hsuanshao/golibs/buckets/cloud/provider/s3.go:80.53,82.3 1 4
github.com/hsuanshao/golibs/buckets/cloud/provider/s3.go:84.2,84.51 1 4
github.com/hsuanshao/golibs/buckets/cloud/provider/s3.go:84.51,86.3 1 1
github.com/hsuanshao/golibs/buckets/cloud/provider/s3.go:88.2,89.16 2 4
github.com/hsuanshao/golibs/buckets/cloud/provider/s3.go:89.16,92.3 2 1
github.com/hsuanshao/golibs/buckets/cloud/provider/s3.go:94.2,94.31 1 3
github.com/hsuanshao/golibs/buckets/cloud/provider/s3.go:94.31,96.3 1 0
github.com/hsuanshao/golibs/buckets/cloud/provider/s3.go:98.2,98.40 1 3
github.com/hsuanshao/golibs/buckets/cloud/provider/s3.go:98.40,99.21 1 5
github.com/hsuanshao/golibs/buckets/cloud/provider/s3.go:99.21,101.12 2 0
github.com/hsuanshao/golibs/buckets/cloud/provider/s3.go:104.3,105.33 2 5
github.com/hsuanshao/golibs/buckets/cloud/provider/s3.go:108.2,108.21 1 3
github.com/hsuanshao/golibs/buckets/cloud/provider/s3.go:111.59,113.15 2 5
github.com/hsuanshao/golibs/buckets/cloud/provider/s3.go:113.15,115.3 1 5
github.com/hsuanshao/golibs/buckets/cloud/provider/s3.go:116.2,117.16 2 5
github.com/hsuanshao/golibs/buckets/cloud/provider/s3.go:118.12,119.73 1 2
github.com/hsuanshao/golibs/buckets/cloud/provider/s3.go:120.13,121.54 1 3
github.com/hsuanshao/golibs/buckets/cloud/provider/s3.go:123.2,123.12 1 5
github.com/hsuanshao/golibs/buckets/cloud/provider/s3.go:126.80,131.14 4 7
github.com/hsuanshao/golibs/buckets/cloud/provider/s3.go:131.14,133.3 1 5
github.com/hsuanshao/golibs/buckets/cloud/provider/s3.go:134.2,137.14 4 7
github.com/hsuanshao/golibs/buckets/cloud/provider/s3.go:137.14,139.3 1 7
github.com/hsuanshao/golibs/buckets/cloud/provider/s3.go:140.2,141.24 2 7
github.com/hsuanshao/golibs/buckets/cloud/provider/s3.go:141.24,143.14 2 5
github.com/hsuanshao/golibs/buckets/cloud/provider/s3.go:143.14,147.4 3 0
github.com/hsuanshao/golibs/buckets/cloud/provider/s3.go:149.3,149.14 1 5
github.com/hsuanshao/golibs/buckets/cloud/provider/s3.go:149.14,154.4 4 5
github.com/hsuanshao/golibs/buckets/cloud/provider/s3.go:156.3,157.34 2 5
github.com/hsuanshao/golibs/buckets/cloud/provider/s3.go:157.34,159.13 2 12
github.com/hsuanshao/golibs/buckets/cloud/provider/s3.go:159.13,161.5 1 7
github.com/hsuanshao/golibs/buckets/cloud/provider/s3.go:165.2,165.25 1 7
github.com/hsuanshao/golibs/buckets/cloud/provider/s3.go:165.25,167.3 1 2
github.com/hsuanshao/golibs/buckets/cloud/provider/s3.go:169.2,169.32 1 7
github.com/hsuanshao/golibs/buckets/cloud/provider/s3.go:173.126,175.30 2 2
github.com/hsuanshao/golibs/buckets/cloud/provider/s3.go:175.30,178.3 2 0
github.com/hsuanshao/golibs/buckets/cloud/provider/s3.go:180.2,180.30 1 2
github.com/hsuanshao/golibs/buckets/cloud/provider/s3.go:180.30,183.3 2 0
github.com/hsuanshao/golibs/buckets/cloud/provider/s3.go:185.2,186.16 2 2
github.com/hsuanshao/golibs/buckets/cloud/provider/s3.go:186.16,189.3 2 1
github.com/hsuanshao/golibs/buckets/cloud/provider/s3.go:191.2,192.42 2 1
github.com/hsuanshao/golibs/buckets/cloud/provider/s3.go:192.42,193.17 1 2
github.com/hsuanshao/golibs/buckets/cloud/provider/s3.go:193.17,195.4 1 2
github.com/hsuanshao/golibs/buckets/cloud/provider/s3.go:197.2,198.33 2 1
github.com/hsuanshao/golibs/buckets/cloud/provider/s3.go:198.33,200.3 1 1
github.com/hsuanshao/golibs/buckets/cloud/provider/s3.go:201.2,202.35 2 1
github.com/hsuanshao/golibs/buckets/cloud/provider/s3.go:202.35,204.3 1 1
github.com/hsuanshao/golibs/buckets/cloud/provider/s3.go:205.2,208.16 3 1
github.com/hsuanshao/golibs/buckets/cloud/provider/s3.go:208.16,211.3 2 0
github.com/hsuanshao/golibs/buckets/cloud/provider/s3.go:212.2,214.34 2 1
github.com/hsuanshao/golibs/buckets/cloud/provider/s3.go:218.90,220.30 2 3
github.com/hsuanshao/golibs/buckets/cloud/provider/s3.go:220.30,223.3 2 1
github.com/hsuanshao/golibs/buckets/cloud/provider/s3.go:225.2,225.30 1 2
github.com/hsuanshao/golibs/buckets/cloud/provider/s3.go:225.30,228.3 2 1
github.com/hsuanshao/golibs/buckets/cloud/provider/s3.go:230.2,231.16 2 1
github.com/hsuanshao/golibs/buckets/cloud/provider/s3.go:231.16,235.3 2 0
github.com/hsuanshao/golibs/buckets/cloud/provider/s3.go:237.2,238.29 2 1
github.com/hsuanshao/golibs/buckets/cloud/provider/s3.go:238.29,240.3 1 1
github.com/hsuanshao/golibs/buckets/cloud/provider/s3.go:242.2,242.20 1 1
github.com/hsuanshao/golibs/buckets/cloud/provider/s3.go:246.130,248.30 2 2
github.com/hsuanshao/golibs/buckets/cloud/provider/s3.go:248.30,251.3 2 1
github.com/hsuanshao/golibs/buckets/cloud/provider/s3.go:253.2,253.30 1 1
github.com/hsuanshao/golibs/buckets/cloud/provider/s3.go:253.30,256.3 2 1
github.com/hsuanshao/golibs/buckets/cloud/provider/s3.go:258.2,263.57 2 0
github.com/hsuanshao/golibs/buckets/cloud/provider/s3.go:263.57,266.29 2 0
github.com/hsuanshao/golibs/buckets/cloud/provider/s3.go:266.29,268.4 1 0
github.com/hsuanshao/golibs/buckets/cloud/provider/s3.go:269.3,269.219 1 0
github.com/hsuanshao/golibs/buckets/cloud/provider/s3.go:272.2,273.16 2 0
github.com/hsuanshao/golibs/buckets/cloud/provider/s3.go:273.16,276.3 2 0
github.com/hsuanshao/golibs/buckets/cloud/provider/s3.go:278.2,278.30 1 0
github.com/hsuanshao/golibs/buckets/cloud/provider/s3.go:282.170,284.30 2 0
github.com/hsuanshao/golibs/buckets/cloud/provider/s3.go:284.30,287.3 2 0
github.com/hsuanshao/golibs/buckets/cloud/provider/s3.go:289.2,289.30 1 0
github.com/hsuanshao/golibs/buckets/cloud/provider/s3.go:289.30,292.3 2 0
github.com/hsuanshao/golibs/buckets/cloud/provider/s3.go:294.2,295.15 2 0
github.com/hsuanshao/golibs/buckets/cloud/provider/s3.go:295.15,298.3 2 0
github.com/hsuanshao/golibs/buckets/cloud/provider/s3.go:300.2,308.16 3 0
github.com/hsuanshao/golibs/buckets/cloud/provider/s3.go:308.16,311.3 2 0
github.com/hsuanshao/golibs/buckets/cloud/provider/s3.go:312.2,312.27 1 0
github.com/hsuanshao/golibs/buckets/cloud/provider/s3.go:316.170,318.30 2 0
github.com/hsuanshao/golibs/buckets/cloud/provider/s3.go:318.30,321.3 2 0
github.com/hsuanshao/golibs/buckets/cloud/provider/s3.go:323.2,323.30 1 0
github.com/hsuanshao/golibs/buckets/cloud/provider/s3.go:323.30,326.3 2 0
github.com/hsuanshao/golibs/buckets/cloud/provider/s3.go:328.2,329.16 2 0
github.com/hsuanshao/golibs/buckets/cloud/provider/s3.go:329.16,332.3 1 0
github.com/hsuanshao/golibs/buckets/cloud/provider/s3.go:334.2,335.29 2 0
github.com/hsuanshao/golibs/buckets/cloud/provider/s3.go:335.29,337.3 1 0
github.com/hsuanshao/golibs/buckets/cloud/provider/s3.go:339.2,339.12 1 0
github.com/hsuanshao/golibs/buckets/cloud/provider/s3.go:339.12,343.3 2 0
github.com/hsuanshao/golibs/buckets/cloud/provider/s3.go:345.2,346.44 2 0
github.com/hsuanshao/golibs/buckets/cloud/provider/s3.go:346.44,349.3 2 0
github.com/hsuanshao/golibs/buckets/cloud/provider/s3.go:351.2,358.16 3 0
github.com/hsuanshao/golibs/buckets/cloud/provider/s3.go:358.16,361.3 2 0
github.com/hsuanshao/golibs/buckets/cloud/provider/s3.go:363.2,365.32 2 0
github.com/hsuanshao/golibs/buckets/cloud/provider/s3.go:365.32,367.3 1 0
github.com/hsuanshao/golibs/buckets/cloud/provider/s3.go:368.2,372.16 4 0
github.com/hsuanshao/golibs/buckets/cloud/provider/s3.go:372.16,376.3 2 0
github.com/hsuanshao/golibs/buckets/cloud/provider/s3.go:378.2,378.38 1 0
github.com/hsuanshao/golibs/buckets/cloud/provider/s3.go:382.153,384.30 2 0
github.com/hsuanshao/golibs/buckets/cloud/provider/s3.go:384.30,387.3 2 0
github.com/hsuanshao/golibs/buckets/cloud/provider/s3.go:389.2,389.30 1 0
github.com/hsuanshao/golibs/buckets/cloud/provider/s3.go:389.30,392.3 2 0
github.com/hsuanshao/golibs/buckets/cloud/provider/s3.go:394.2,395.16 2 0
github.com/hsuanshao/golibs/buckets/cloud/provider/s3.go:395.16,398.3 2 0
github.com/hsuanshao/golibs/buckets/cloud/provider/s3.go:400.2,400.34 1 0
github.com/hsuanshao/golibs/buckets/cloud/provider/s3.go:400.34,403.3 2 0
github.com/hsuanshao/golibs/buckets/cloud/provider/s3.go:405.2,406.33 2 0
github.com/hsuanshao/golibs/buckets/cloud/provider/s3.go:406.33,408.3 1 0
github.com/hsuanshao/golibs/buckets/cloud/provider/s3.go:410.2,411.34 2 0
github.com/hsuanshao/golibs/buckets/cloud/provider/s3.go:411.34,414.3 2 0
github.com/hsuanshao/golibs/buckets/cloud/provider/s3.go:415.2,419.16 4 0
github.com/hsuanshao/golibs/buckets/cloud/provider/s3.go:419.16,422.3 2 0
github.com/hsuanshao/golibs/buckets/cloud/provider/s3.go:423.2,423.23 1 0
github.com/hsuanshao/golibs/buckets/cloud/provider/s3.go:427.113,431.36 4 0
github.com/hsuanshao/golibs/buckets/cloud/provider/s3.go:431.36,433.26 2 0
github.com/hsuanshao/golibs/buckets/cloud/provider/s3.go:433.26,436.4 2 0
github.com/hsuanshao/golibs/buckets/cloud/provider/s3.go:438.3,438.26 1 0
github.com/hsuanshao/golibs/buckets/cloud/provider/s3.go:438.26,441.4 2 0
github.com/hsuanshao/golibs/buckets/cloud/provider/s3.go:442.3,445.60 2 0
github.com/hsuanshao/golibs/buckets/cloud/provider/s3.go:448.2,455.16 2 0
github.com/hsuanshao/golibs/buckets/cloud/provider/s3.go:455.16,458.3 2 0
github.com/hsuanshao/golibs/buckets/cloud/provider/s3.go:460.2,460.51 1 0
github.com/hsuanshao/golibs/buckets/cloud/provider/s3.go:460.51,462.3 1 0
github.com/hsuanshao/golibs/buckets/cloud/provider/s3.go:464.2,464.18 1 0
github.com/hsuanshao/golibs/buckets/cloud/provider/s3.go:468.76,473.16 5 0
github.com/hsuanshao/golibs/buckets/cloud/provider/s3.go:473.16,475.3 1 0
github.com/hsuanshao/golibs/buckets/cloud/provider/s3.go:477.2,481.8 2 0
github.com/hsuanshao/golibs/buckets/cloud/provider/s3.go:485.30,488.2 0 0
github.com/hsuanshao/golibs/ctx/ctx.go:34.23,35.25 1 8
github.com/hsuanshao/golibs/ctx/ctx.go:35.25,41.17 4 1
github.com/hsuanshao/golibs/ctx/ctx.go:41.17,45.4 1 0
github.com/hsuanshao/golibs/ctx/ctx.go:46.3,46.26 1 1
github.com/hsuanshao/golibs/ctx/ctx.go:54.2,57.3 1 8
github.com/hsuanshao/golibs/ctx/ctx.go:61.61,63.47 2 3
github.com/hsuanshao/golibs/ctx/ctx.go:63.47,68.3 1 0
github.com/hsuanshao/golibs/ctx/ctx.go:70.2,73.3 1 3
github.com/hsuanshao/golibs/ctx/ctx.go:77.61,79.24 2 1
github.com/hsuanshao/golibs/ctx/ctx.go:79.24,81.3 1 2
github.com/hsuanshao/golibs/ctx/ctx.go:83.2,83.10 1 1
github.com/hsuanshao/golibs/ctx/ctx.go:87.55,93.2 2 1
github.com/hsuanshao/golibs/ctx/ctx.go:97.73,103.2 2 1
github.com/hsuanshao/golibs/ctx/ctx.go:107.77,113.2 2 0
github.com/hsuanshao/golibs/ctx/hooks.go:27.49,28.17 1 2
github.com/hsuanshao/golibs/ctx/hooks.go:28.17,30.3 1 0
github.com/hsuanshao/golibs/ctx/hooks.go:32.2,32.32 1 2
github.com/hsuanshao/golibs/ctx/hooks.go:32.32,34.3 1 2
github.com/hsuanshao/golibs/ctx/hooks.go:36.2,48.27 3 2
github.com/hsuanshao/golibs/ctx/hooks.go:48.27,50.30 2 0
github.com/hsuanshao/golibs/ctx/hooks.go:50.30,52.4 1 0
github.com/hsuanshao/golibs/ctx/hooks.go:55.2,55.18 1 2
github.com/hsuanshao/golibs/ctx/hooks.go:69.61,73.2 3 0
github.com/hsuanshao/golibs/ctx/hooks.go:75.47,76.30 1 2
github.com/hsuanshao/golibs/ctx/hooks.go:76.30,84.3 1 0
github.com/hsuanshao/golibs/ctx/hooks.go:85.2,85.23 1 2
github.com/hsuanshao/golibs/ctx/hooks.go:88.55,94.61 5 14
github.com/hsuanshao/golibs/ctx/hooks.go:94.61,95.24 1 14
github.com/hsuanshao/golibs/ctx/hooks.go:95.24,96.16 1 70
github.com/hsuanshao/golibs/ctx/hooks.go:96.16,98.5 1 14
github.com/hsuanshao/golibs/ctx/hooks.go:100.3,100.15 1 0
github.com/hsuanshao/golibs/ctx/hooks.go:103.2,103.15 1 14
github.com/hsuanshao/golibs/ctx/hooks.go:103.15,105.3 1 0
github.com/hsuanshao/golibs/ctx/hooks.go:107.2,107.27 1 14
github.com/hsuanshao/golibs/ctx/hooks.go:107.27,110.60 3 31
github.com/hsuanshao/golibs/ctx/hooks.go:110.60,114.45 3 14
github.com/hsuanshao/golibs/ctx/hooks.go:114.45,116.5 1 0
github.com/hsuanshao/golibs/ctx/hooks.go:118.4,123.30 4 14
github.com/hsuanshao/golibs/ctx/hooks.go:123.30,124.28 1 112
github.com/hsuanshao/golibs/ctx/hooks.go:124.28,125.11 1 14
github.com/hsuanshao/golibs/ctx/hooks.go:127.5,128.27 2 98
github.com/hsuanshao/golibs/ctx/hooks.go:128.27,130.6 1 84
github.com/hsuanshao/golibs/ctx/hooks.go:132.4,132.29 1 14
github.com/hsuanshao/golibs/ctx/hooks.go:132.29,134.5 1 0
github.com/hsuanshao/golibs/ctx/hooks.go:135.4,140.9 6 14
github.com/hsuanshao/golibs/ctx/hooks.go:144.2,144.27 1 14
github.com/hsuanshao/golibs/ctx/hooks.go:144.27,146.17 2 0
github.com/hsuanshao/golibs/ctx/hooks.go:146.17,149.4 2 0
github.com/hsuanshao/golibs/ctx/hooks.go:150.3,153.13 4 0
github.com/hsuanshao/golibs/ctx/hooks.go:156.2,157.12 2 14
github.com/hsuanshao/golibs/ctx/log.go:8.33,12.2 2 0
github.com/hsuanshao/golibs/ctx/log.go:15.22,17.2 1 0
github.com/hsuanshao/golibs/ctx/trace.go:25.84,32.2 3 2
github.com/hsuanshao/golibs/ctx/trace.go:35.137,41.2 2 1
github.com/hsuanshao/golibs/ctx/trace.go:49.96,54.44 2 1
github.com/hsuanshao/golibs/ctx/trace.go:54.44,56.3 1 0
github.com/hsuanshao/golibs/ctx/trace.go:57.2,57.31 1 1
github.com/hsuanshao/golibs/ctx/trace.go:61.84,64.2 2 1
github.com/hsuanshao/golibs/ctx/trace.go:68.55,71.2 2 2
github.com/hsuanshao/golibs/ctx/trace.go:74.56,76.17 2 1
github.com/hsuanshao/golibs/ctx/trace.go:76.17,80.3 3 1
github.com/hsuanshao/golibs/ctx/trace.go:84.68,87.17 2 2
github.com/hsuanshao/golibs/ctx/trace.go:87.17,89.3 1 0
github.com/hsuanshao/golibs/ctx/trace.go:90.2,93.16 3 2
github.com/hsuanshao/golibs/ctx/trace.go:93.16,95.3 1 0
github.com/hsuanshao/golibs/ctx/trace.go:96.2,101.21 4 2
github.com/hsuanshao/golibs/ctx/trace.go:101.21,103.3 1 2
github.com/hsuanshao/golibs/ctx/trace.go:104.2,105.16 2 2
github.com/hsuanshao/golibs/ctx/trace.go:105.16,107.3 1 0
github.com/hsuanshao/golibs/ctx/trace.go:108.2,111.33 2 2
github.com/hsuanshao/golibs/ctx/trace.go:111.33,113.3 1 0
github.com/hsuanshao/golibs/ctx/trace.go:114.2,115.16 2 2
github.com/hsuanshao/golibs/ctx/trace.go:115.16,117.3 1 0
github.com/hsuanshao/golibs/ctx/trace.go:118.2,119.17 2 2
github.com/hsuanshao/golibs/iana/func.go:9.35,12.35 2 1
github.com/hsuanshao/golibs/iana/func.go:12.35,14.3 1 598
github.com/hsuanshao/golibs/iana/func.go:16.2,18.18 2 1
github.com/hsuanshao/golibs/iana/iana.go:30.45,37.16 5 1
github.com/hsuanshao/golibs/iana/iana.go:37.16,40.3 2 0
github.com/hsuanshao/golibs/iana/iana.go:42.2,42.38 1 1
github.com/hsuanshao/golibs/iana/iana.go:42.38,45.3 2 0
github.com/hsuanshao/golibs/iana/iana.go:47.2,48.16 2 1
github.com/hsuanshao/golibs/iana/iana.go:48.16,51.3 2 0
github.com/hsuanshao/golibs/iana/iana.go:52.2,54.16 3 1
github.com/hsuanshao/golibs/iana/iana.go:54.16,57.3 2 0
github.com/hsuanshao/golibs/iana/iana.go:59.2,61.26 2 1
github.com/hsuanshao/golibs/iana/iana.go:61.26,63.3 1 1
github.com/hsuanshao/golibs/iana/iana.go:65.2,65.26 1 1
github.com/hsuanshao/golibs/iana/iana.go:65.26,67.3 1 1
github.com/hsuanshao/golibs/iana/iana.go:69.2,69.28 1 1
github.com/hsuanshao/golibs/iana/iana.go:69.28,71.3 1 1
github.com/hsuanshao/golibs/iana/iana.go:73.2,73.31 1 1
github.com/hsuanshao/golibs/iana/iana.go:73.31,74.48 1 418
github.com/hsuanshao/golibs/iana/iana.go:74.48,76.4 1 246
github.com/hsuanshao/golibs/iana/iana.go:78.3,80.48 2 418
github.com/hsuanshao/golibs/iana/iana.go:80.48,82.4 1 246
github.com/hsuanshao/golibs/iana/iana.go:84.3,84.62 1 418
github.com/hsuanshao/golibs/iana/iana.go:88.2,88.12 1 1
github.com/hsuanshao/golibs/iana/iana.go:91.48,95.67 3 1
github.com/hsuanshao/golibs/iana/iana.go:95.67,97.3 1 0
github.com/hsuanshao/golibs/iana/iana.go:99.2,104.16 3 1
github.com/hsuanshao/golibs/iana/iana.go:104.16,107.3 2 0
github.com/hsuanshao/golibs/iana/iana.go:109.2,109.13 1 1
github.com/hsuanshao/golibs/iana/iana.go:112.75,116.2 3 1
github.com/hsuanshao/golibs/iana/iana.go:118.97,120.55 2 7
github.com/hsuanshao/golibs/iana/iana.go:120.55,123.3 2 3
github.com/hsuanshao/golibs/iana/iana.go:125.2,125.53 1 4
github.com/hsuanshao/golibs/iana/iana.go:125.53,128.3 2 2
github.com/hsuanshao/golibs/iana/iana.go:130.2,130.33 1 2
github.com/hsuanshao/golibs/iana/iana.go:130.33,131.71 1 836
github.com/hsuanshao/golibs/iana/iana.go:131.71,133.12 2 1
github.com/hsuanshao/golibs/iana/iana.go:135.3,135.71 1 835
github.com/hsuanshao/golibs/iana/iana.go:135.71,137.12 2 16
github.com/hsuanshao/golibs/iana/iana.go:142.2,142.26 1 2
github.com/hsuanshao/golibs/iana/iana.go:142.26,145.3 2 1
github.com/hsuanshao/golibs/iana/iana.go:147.2,147.24 1 1
